Copyright 1986-2020 Xilinx, Inc. All Rights Reserved.
------------------------------------------------------------------------------------
| Tool Version : Vivado v.2020.2 (lin64) Build 3064766 Wed Nov 18 09:12:47 MST 2020
| Date         : Mon Mar 13 23:44:45 2023
| Host         : Hellgate running 64-bit Ubuntu 22.04.2 LTS
| Command      : report_control_sets -verbose -file top_control_sets_placed.rpt
| Design       : top
| Device       : xc7s25
------------------------------------------------------------------------------------

Control Set Information

Table of Contents
-----------------
1. Summary
2. Histogram
3. Flip-Flop Distribution
4. Detailed Control Set Information

1. Summary
----------

+----------------------------------------------------------+-------+
|                          Status                          | Count |
+----------------------------------------------------------+-------+
| Total control sets                                       |   156 |
|    Minimum number of control sets                        |   156 |
|    Addition due to synthesis replication                 |     0 |
|    Addition due to physical synthesis replication        |     0 |
| Unused register locations in slices containing registers |   152 |
+----------------------------------------------------------+-------+
* Control sets can be merged at opt_design using control_set_merge or merge_equivalent_drivers
** Run report_qor_suggestions for automated merging and remapping suggestions


2. Histogram
------------

+--------------------+-------+
|       Fanout       | Count |
+--------------------+-------+
| Total control sets |   156 |
| >= 0 to < 4        |     4 |
| >= 4 to < 6        |     1 |
| >= 6 to < 8        |     2 |
| >= 8 to < 10       |     1 |
| >= 10 to < 12      |     1 |
| >= 12 to < 14      |     0 |
| >= 14 to < 16      |     1 |
| >= 16              |   146 |
+--------------------+-------+
* Control sets can be remapped at either synth_design or opt_design


3. Flip-Flop Distribution
-------------------------

+--------------+-----------------------+------------------------+-----------------+--------------+
| Clock Enable | Synchronous Set/Reset | Asynchronous Set/Reset | Total Registers | Total Slices |
+--------------+-----------------------+------------------------+-----------------+--------------+
| No           | No                    | No                     |             219 |           96 |
| No           | No                    | Yes                    |              24 |            7 |
| No           | Yes                   | No                     |            1405 |          445 |
| Yes          | No                    | No                     |            2573 |          866 |
| Yes          | No                    | Yes                    |             138 |           75 |
| Yes          | Yes                   | No                     |               9 |            7 |
+--------------+-----------------------+------------------------+-----------------+--------------+


4. Detailed Control Set Information
-----------------------------------

+--------------------------+----------------------------------------------------------------------------------------------------------------------------------------+--------------------------------------------------------------------------------------------------------------------------------------------+------------------+----------------+--------------+
|       Clock Signal       |                                                              Enable Signal                                                             |                                                              Set/Reset Signal                                                              | Slice Load Count | Bel Load Count | Bels / Slice |
+--------------------------+----------------------------------------------------------------------------------------------------------------------------------------+--------------------------------------------------------------------------------------------------------------------------------------------+------------------+----------------+--------------+
|  audio_clk/inst/clk_out1 | channel1/lrck_counter[15]_i_1_n_0                                                                                                      | channel1/lrck_reg_i_1_n_0                                                                                                                  |                1 |              1 |         1.00 |
|  audio_clk/inst/clk_out1 | channel1/sd_reg                                                                                                                        | channel1/sck_reg_i_1_n_0                                                                                                                   |                1 |              1 |         1.00 |
|  sck_in_IBUF_BUFG        |                                                                                                                                        | cmd_input/cc_fifo/U0/inst_fifo_gen/gconvfifo.rf/grf.rf/rstblk/rst_d2                                                                       |                1 |              2 |         2.00 |
|  audio_clk/inst/clk_out1 |                                                                                                                                        | cmd_input/cc_fifo/U0/inst_fifo_gen/gconvfifo.rf/grf.rf/rstblk/ngwrdrst.grst.g7serrst.gnsckt_wrst.gic_rst.rst_rd_reg2_inst/arststages_ff[1] |                1 |              3 |         3.00 |
|  audio_clk/inst/clk_out1 | channel1/bit_counter[3]_i_1_n_0                                                                                                        |                                                                                                                                            |                2 |              5 |         2.50 |
|  audio_clk/inst/clk_out1 | cmd_input/pcount_reg[0]_2[0]                                                                                                           |                                                                                                                                            |                3 |              6 |         2.00 |
|  audio_clk/inst/clk_out1 | cmd_input/cc_fifo/U0/inst_fifo_gen/gconvfifo.rf/grf.rf/gntv_or_sync_fifo.gl0.rd/gr1.gr1_int.rfwft/user_valid                           | cmd_input/pcount_reg[6]                                                                                                                    |                5 |              7 |         1.40 |
|  sck_in_IBUF_BUFG        |                                                                                                                                        | cmd_input/cc_fifo/U0/inst_fifo_gen/gconvfifo.rf/grf.rf/rstblk/ngwrdrst.grst.g7serrst.gnsckt_wrst.rst_wr_reg2_inst/arststages_ff[1]         |                2 |              9 |         4.50 |
|  audio_clk/inst/clk_out1 |                                                                                                                                        | cmd_input/cc_fifo/U0/inst_fifo_gen/gconvfifo.rf/grf.rf/rstblk/AR[0]                                                                        |                3 |             10 |         3.33 |
|  audio_clk/inst/clk_out1 |                                                                                                                                        | channel1/lrck_counter[15]_i_1_n_0                                                                                                          |                4 |             15 |         3.75 |
|  audio_clk/inst/clk_out1 | cmd_input/pcount_reg[4]_2[0]                                                                                                           |                                                                                                                                            |                4 |             16 |         4.00 |
|  audio_clk/inst/clk_out1 | cmd_input/pcount_reg[1][0]                                                                                                             |                                                                                                                                            |                7 |             16 |         2.29 |
|  audio_clk/inst/clk_out1 | cmd_input/E[0]                                                                                                                         |                                                                                                                                            |                4 |             16 |         4.00 |
|  audio_clk/inst/clk_out1 | cmd_input/pcount_reg[3]_0[0]                                                                                                           |                                                                                                                                            |                8 |             16 |         2.00 |
|  audio_clk/inst/clk_out1 | cmd_input/pcount_reg[4]_0[0]                                                                                                           |                                                                                                                                            |                4 |             16 |         4.00 |
|  audio_clk/inst/clk_out1 | cmd_input/pcount_reg[4]_1[0]                                                                                                           |                                                                                                                                            |                5 |             16 |         3.20 |
|  audio_clk/inst/clk_out1 | cmd_input/pcount_reg[4]_10[0]                                                                                                          |                                                                                                                                            |                6 |             16 |         2.67 |
|  audio_clk/inst/clk_out1 | cmd_input/pcount_reg[4]_11[0]                                                                                                          |                                                                                                                                            |                4 |             16 |         4.00 |
|  audio_clk/inst/clk_out1 | cmd_input/pcount_reg[4]_12[0]                                                                                                          |                                                                                                                                            |                4 |             16 |         4.00 |
|  audio_clk/inst/clk_out1 | cmd_input/pcount_reg[4]_13[0]                                                                                                          |                                                                                                                                            |                4 |             16 |         4.00 |
|  audio_clk/inst/clk_out1 | cmd_input/pcount_reg[4]_14[0]                                                                                                          |                                                                                                                                            |                5 |             16 |         3.20 |
|  audio_clk/inst/clk_out1 | cmd_input/pcount_reg[1]_26[0]                                                                                                          |                                                                                                                                            |                4 |             16 |         4.00 |
|  audio_clk/inst/clk_out1 | cmd_input/pcount_reg[4]_3[0]                                                                                                           |                                                                                                                                            |                5 |             16 |         3.20 |
|  audio_clk/inst/clk_out1 | cmd_input/pcount_reg[4]_4[0]                                                                                                           |                                                                                                                                            |                4 |             16 |         4.00 |
|  audio_clk/inst/clk_out1 | cmd_input/pcount_reg[4]_5[0]                                                                                                           |                                                                                                                                            |                4 |             16 |         4.00 |
|  audio_clk/inst/clk_out1 | cmd_input/pcount_reg[4]_6[0]                                                                                                           |                                                                                                                                            |                4 |             16 |         4.00 |
|  audio_clk/inst/clk_out1 | cmd_input/pcount_reg[4]_7[0]                                                                                                           |                                                                                                                                            |                4 |             16 |         4.00 |
|  audio_clk/inst/clk_out1 | cmd_input/pcount_reg[4]_8[0]                                                                                                           |                                                                                                                                            |                4 |             16 |         4.00 |
|  audio_clk/inst/clk_out1 | cmd_input/pcount_reg[4]_9[0]                                                                                                           |                                                                                                                                            |                4 |             16 |         4.00 |
|  audio_clk/inst/clk_out1 | cmd_input/pcount_reg[5]_0[0]                                                                                                           |                                                                                                                                            |                4 |             16 |         4.00 |
|  audio_clk/inst/clk_out1 | channel1/lrck_counter[15]_i_1_n_0                                                                                                      |                                                                                                                                            |                2 |             16 |         8.00 |
|  audio_clk/inst/clk_out1 | cmd_input/pcount_reg[1]_32[0]                                                                                                          |                                                                                                                                            |                8 |             16 |         2.00 |
|  audio_clk/inst/clk_out1 | cmd_input/pcount_reg[1]_17[0]                                                                                                          |                                                                                                                                            |                4 |             16 |         4.00 |
|  audio_clk/inst/clk_out1 | cmd_input/pcount_reg[1]_22[0]                                                                                                          |                                                                                                                                            |                7 |             16 |         2.29 |
|  audio_clk/inst/clk_out1 | cmd_input/pcount_reg[1]_10[0]                                                                                                          |                                                                                                                                            |                6 |             16 |         2.67 |
|  audio_clk/inst/clk_out1 | cmd_input/pcount_reg[3]_11[0]                                                                                                          |                                                                                                                                            |                7 |             18 |         2.57 |
|  audio_clk/inst/clk_out1 |                                                                                                                                        | voice1/op2/phasecounter[25]_i_1__7_n_0                                                                                                     |                7 |             27 |         3.86 |
|  audio_clk/inst/clk_out1 |                                                                                                                                        | voice0/op5/phasecounter[25]_i_1__4_n_0                                                                                                     |                8 |             27 |         3.38 |
|  audio_clk/inst/clk_out1 |                                                                                                                                        | voice0/op1/phasecounter[25]_i_1__0_n_0                                                                                                     |                8 |             27 |         3.38 |
|  audio_clk/inst/clk_out1 |                                                                                                                                        | voice1/op3/phasecounter[25]_i_1__8_n_0                                                                                                     |                8 |             27 |         3.38 |
|  audio_clk/inst/clk_out1 |                                                                                                                                        | voice0/op0/phasecounter[25]_i_1_n_0                                                                                                        |                8 |             27 |         3.38 |
|  audio_clk/inst/clk_out1 |                                                                                                                                        | voice0/op4/phasecounter[25]_i_1__3_n_0                                                                                                     |                8 |             27 |         3.38 |
|  audio_clk/inst/clk_out1 |                                                                                                                                        | voice0/op3/phasecounter[25]_i_1__2_n_0                                                                                                     |                8 |             27 |         3.38 |
|  audio_clk/inst/clk_out1 |                                                                                                                                        | voice0/op2/phasecounter[25]_i_1__1_n_0                                                                                                     |                8 |             27 |         3.38 |
|  audio_clk/inst/clk_out1 |                                                                                                                                        | voice1/op4/phasecounter[25]_i_1__9_n_0                                                                                                     |                8 |             27 |         3.38 |
|  audio_clk/inst/clk_out1 |                                                                                                                                        | voice1/op5/phasecounter[25]_i_1__10_n_0                                                                                                    |                8 |             27 |         3.38 |
|  audio_clk/inst/clk_out1 |                                                                                                                                        | voice2/op5/phasecounter[25]_i_1__16_n_0                                                                                                    |                7 |             27 |         3.86 |
|  audio_clk/inst/clk_out1 |                                                                                                                                        | voice2/op4/phasecounter[25]_i_1__15_n_0                                                                                                    |                8 |             27 |         3.38 |
|  audio_clk/inst/clk_out1 |                                                                                                                                        | voice2/op3/phasecounter[25]_i_1__14_n_0                                                                                                    |                8 |             27 |         3.38 |
|  audio_clk/inst/clk_out1 |                                                                                                                                        | voice2/op2/phasecounter[25]_i_1__13_n_0                                                                                                    |                8 |             27 |         3.38 |
|  audio_clk/inst/clk_out1 |                                                                                                                                        | voice1/op0/phasecounter[25]_i_1__5_n_0                                                                                                     |                8 |             27 |         3.38 |
|  audio_clk/inst/clk_out1 |                                                                                                                                        | voice2/op1/phasecounter[25]_i_1__12_n_0                                                                                                    |                8 |             27 |         3.38 |
|  audio_clk/inst/clk_out1 |                                                                                                                                        | voice2/op0/phasecounter[25]_i_1__11_n_0                                                                                                    |                8 |             27 |         3.38 |
|  audio_clk/inst/clk_out1 |                                                                                                                                        | voice1/op1/phasecounter[25]_i_1__6_n_0                                                                                                     |                8 |             27 |         3.38 |
|  audio_clk/inst/clk_out1 | cmd_input/pcount_reg[1]_20[0]                                                                                                          |                                                                                                                                            |                8 |             32 |         4.00 |
|  audio_clk/inst/clk_out1 | cmd_input/pcount_reg[1]_34[0]                                                                                                          |                                                                                                                                            |               12 |             32 |         2.67 |
|  audio_clk/inst/clk_out1 | cmd_input/pcount_reg[1]_2[0]                                                                                                           |                                                                                                                                            |               13 |             32 |         2.46 |
|  audio_clk/inst/clk_out1 | cmd_input/pcount_reg[1]_19[0]                                                                                                          |                                                                                                                                            |               10 |             32 |         3.20 |
|  audio_clk/inst/clk_out1 | cmd_input/pcount_reg[1]_18[0]                                                                                                          |                                                                                                                                            |               14 |             32 |         2.29 |
|  audio_clk/inst/clk_out1 | voice2/op0/adsr_amp                                                                                                                    |                                                                                                                                            |               12 |             32 |         2.67 |
|  audio_clk/inst/clk_out1 | cmd_input/pcount_reg[1]_11[0]                                                                                                          |                                                                                                                                            |               11 |             32 |         2.91 |
|  audio_clk/inst/clk_out1 | voice2/op1/adsr_amp                                                                                                                    |                                                                                                                                            |               12 |             32 |         2.67 |
|  audio_clk/inst/clk_out1 | cmd_input/pcount_reg[1]_33[0]                                                                                                          |                                                                                                                                            |               11 |             32 |         2.91 |
|  audio_clk/inst/clk_out1 | cmd_input/pcount_reg[1]_9[0]                                                                                                           |                                                                                                                                            |               12 |             32 |         2.67 |
|  audio_clk/inst/clk_out1 | cmd_input/pcount_reg[1]_36[0]                                                                                                          |                                                                                                                                            |               14 |             32 |         2.29 |
|  audio_clk/inst/clk_out1 | voice2/op2/adsr_amp                                                                                                                    |                                                                                                                                            |               13 |             32 |         2.46 |
|  audio_clk/inst/clk_out1 | cmd_input/pcount_reg[1]_37[0]                                                                                                          |                                                                                                                                            |               12 |             32 |         2.67 |
|  audio_clk/inst/clk_out1 | cmd_input/pcount_reg[1]_28[0]                                                                                                          |                                                                                                                                            |               13 |             32 |         2.46 |
|  audio_clk/inst/clk_out1 | voice2/op5/adsr_amp                                                                                                                    |                                                                                                                                            |                9 |             32 |         3.56 |
|  audio_clk/inst/clk_out1 | cmd_input/pcount_reg[1]_29[0]                                                                                                          |                                                                                                                                            |               10 |             32 |         3.20 |
|  audio_clk/inst/clk_out1 | cmd_input/cc_fifo/U0/inst_fifo_gen/gconvfifo.rf/grf.rf/gntv_or_sync_fifo.gl0.rd/gr1.gr1_int.rfwft/gpregsm1.curr_fwft_state_reg[1]_0[0] | cmd_input/cc_fifo/U0/inst_fifo_gen/gconvfifo.rf/grf.rf/rstblk/AR[0]                                                                        |               25 |             32 |         1.28 |
|  audio_clk/inst/clk_out1 | cmd_input/cc_fifo/U0/inst_fifo_gen/gconvfifo.rf/grf.rf/gntv_or_sync_fifo.gl0.rd/gr1.gr1_int.rfwft/E[0]                                 | cmd_input/cc_fifo/U0/inst_fifo_gen/gconvfifo.rf/grf.rf/rstblk/AR[0]                                                                        |               32 |             32 |         1.00 |
|  audio_clk/inst/clk_out1 | cmd_input/pcount_reg[1]_5[0]                                                                                                           |                                                                                                                                            |                8 |             32 |         4.00 |
|  audio_clk/inst/clk_out1 | voice0/op2/adsr_amp                                                                                                                    |                                                                                                                                            |               10 |             32 |         3.20 |
|  audio_clk/inst/clk_out1 | voice0/op3/adsr_amp                                                                                                                    |                                                                                                                                            |               10 |             32 |         3.20 |
|  audio_clk/inst/clk_out1 | voice0/op5/adsr_amp                                                                                                                    |                                                                                                                                            |                9 |             32 |         3.56 |
|  audio_clk/inst/clk_out1 | cmd_input/pcount_reg[1]_30[0]                                                                                                          |                                                                                                                                            |               11 |             32 |         2.91 |
|  audio_clk/inst/clk_out1 | cmd_input/pcount_reg[1]_3[0]                                                                                                           |                                                                                                                                            |                6 |             32 |         5.33 |
|  audio_clk/inst/clk_out1 | voice0/op1/adsr_amp                                                                                                                    |                                                                                                                                            |               10 |             32 |         3.20 |
|  audio_clk/inst/clk_out1 | cmd_input/pcount_reg[1]_21[0]                                                                                                          |                                                                                                                                            |               12 |             32 |         2.67 |
|  audio_clk/inst/clk_out1 | cmd_input/pcount_reg[1]_14[0]                                                                                                          |                                                                                                                                            |                9 |             32 |         3.56 |
|  audio_clk/inst/clk_out1 | cmd_input/pcount_reg[1]_12[0]                                                                                                          |                                                                                                                                            |               15 |             32 |         2.13 |
|  audio_clk/inst/clk_out1 | voice0/op0/adsr_amp                                                                                                                    |                                                                                                                                            |               11 |             32 |         2.91 |
|  audio_clk/inst/clk_out1 | cmd_input/pcount_reg[1]_27[0]                                                                                                          |                                                                                                                                            |               13 |             32 |         2.46 |
|  audio_clk/inst/clk_out1 | voice2/op4/adsr_amp                                                                                                                    |                                                                                                                                            |               10 |             32 |         3.20 |
|  audio_clk/inst/clk_out1 | cmd_input/pcount_reg[1]_25[0]                                                                                                          |                                                                                                                                            |               12 |             32 |         2.67 |
|  audio_clk/inst/clk_out1 | cmd_input/pcount_reg[1]_24[0]                                                                                                          |                                                                                                                                            |               12 |             32 |         2.67 |
|  audio_clk/inst/clk_out1 | cmd_input/pcount_reg[1]_23[0]                                                                                                          |                                                                                                                                            |                9 |             32 |         3.56 |
|  audio_clk/inst/clk_out1 | voice2/op3/adsr_amp                                                                                                                    |                                                                                                                                            |               11 |             32 |         2.91 |
|  audio_clk/inst/clk_out1 | cmd_input/pcount_reg[1]_6[0]                                                                                                           |                                                                                                                                            |                8 |             32 |         4.00 |
|  audio_clk/inst/clk_out1 | cmd_input/pcount_reg[3]_2[0]                                                                                                           |                                                                                                                                            |               13 |             32 |         2.46 |
|  audio_clk/inst/clk_out1 | cmd_input/pcount_reg[3]_10[0]                                                                                                          |                                                                                                                                            |                7 |             32 |         4.57 |
|  audio_clk/inst/clk_out1 | cmd_input/pcount_reg[3]_1[0]                                                                                                           |                                                                                                                                            |               10 |             32 |         3.20 |
|  audio_clk/inst/clk_out1 | cmd_input/pcount_reg[3][0]                                                                                                             |                                                                                                                                            |                6 |             32 |         5.33 |
|  audio_clk/inst/clk_out1 | cmd_input/pcount_reg[2]_1[0]                                                                                                           |                                                                                                                                            |               11 |             32 |         2.91 |
|  audio_clk/inst/clk_out1 | cmd_input/pcount_reg[2]_0[0]                                                                                                           |                                                                                                                                            |               11 |             32 |         2.91 |
|  audio_clk/inst/clk_out1 | cmd_input/pcount_reg[1]_16[0]                                                                                                          |                                                                                                                                            |               12 |             32 |         2.67 |
|  audio_clk/inst/clk_out1 | cmd_input/pcount_reg[1]_15[0]                                                                                                          |                                                                                                                                            |               12 |             32 |         2.67 |
|  audio_clk/inst/clk_out1 | cmd_input/pcount_reg[5][0]                                                                                                             |                                                                                                                                            |               12 |             32 |         2.67 |
|  audio_clk/inst/clk_out1 | cmd_input/pcount_reg[1]_7[0]                                                                                                           |                                                                                                                                            |               13 |             32 |         2.46 |
|  audio_clk/inst/clk_out1 | cmd_input/pcount_reg[1]_8[0]                                                                                                           |                                                                                                                                            |               11 |             32 |         2.91 |
|  audio_clk/inst/clk_out1 | cmd_input/pcount_reg[1]_4[0]                                                                                                           |                                                                                                                                            |                9 |             32 |         3.56 |
|  audio_clk/inst/clk_out1 | cmd_input/pcount_reg[1]_31[0]                                                                                                          |                                                                                                                                            |                8 |             32 |         4.00 |
|  audio_clk/inst/clk_out1 | cmd_input/pcount_reg[1]_35[0]                                                                                                          |                                                                                                                                            |                9 |             32 |         3.56 |
|  audio_clk/inst/clk_out1 | voice0/op4/adsr_amp                                                                                                                    |                                                                                                                                            |               12 |             32 |         2.67 |
|  audio_clk/inst/clk_out1 | cmd_input/pcount_reg[1]_13[0]                                                                                                          |                                                                                                                                            |               14 |             32 |         2.29 |
|  audio_clk/inst/clk_out1 | channel1/E[0]                                                                                                                          |                                                                                                                                            |               10 |             32 |         3.20 |
|  audio_clk/inst/clk_out1 | cmd_input/pcount_reg[3]_4[0]                                                                                                           |                                                                                                                                            |               13 |             32 |         2.46 |
|  audio_clk/inst/clk_out1 | voice1/op2/adsr_amp                                                                                                                    |                                                                                                                                            |               10 |             32 |         3.20 |
|  audio_clk/inst/clk_out1 | voice1/op1/adsr_amp                                                                                                                    |                                                                                                                                            |               14 |             32 |         2.29 |
|  audio_clk/inst/clk_out1 | voice1/op0/adsr_amp                                                                                                                    |                                                                                                                                            |               11 |             32 |         2.91 |
|  audio_clk/inst/clk_out1 | voice1/op5/adsr_amp                                                                                                                    |                                                                                                                                            |                8 |             32 |         4.00 |
|  audio_clk/inst/clk_out1 | voice1/op4/adsr_amp                                                                                                                    |                                                                                                                                            |               13 |             32 |         2.46 |
|  audio_clk/inst/clk_out1 | voice1/op3/adsr_amp                                                                                                                    |                                                                                                                                            |               10 |             32 |         3.20 |
|  audio_clk/inst/clk_out1 | cmd_input/pcount_reg[1]_0[0]                                                                                                           |                                                                                                                                            |                9 |             32 |         3.56 |
|  audio_clk/inst/clk_out1 | cmd_input/pcount_reg[1]_1[0]                                                                                                           |                                                                                                                                            |               12 |             32 |         2.67 |
|  audio_clk/inst/clk_out1 | cmd_input/pcount_reg[4][0]                                                                                                             |                                                                                                                                            |               10 |             32 |         3.20 |
|  audio_clk/inst/clk_out1 | cmd_input/pcount_reg[3]_9[0]                                                                                                           |                                                                                                                                            |               11 |             32 |         2.91 |
|  audio_clk/inst/clk_out1 | cmd_input/pcount_reg[3]_8[0]                                                                                                           |                                                                                                                                            |               11 |             32 |         2.91 |
|  audio_clk/inst/clk_out1 | cmd_input/pcount_reg[3]_7[0]                                                                                                           |                                                                                                                                            |               12 |             32 |         2.67 |
|  audio_clk/inst/clk_out1 | cmd_input/pcount_reg[3]_6[0]                                                                                                           |                                                                                                                                            |               13 |             32 |         2.46 |
|  audio_clk/inst/clk_out1 | cmd_input/pcount_reg[3]_5[0]                                                                                                           |                                                                                                                                            |               15 |             32 |         2.13 |
|  audio_clk/inst/clk_out1 | cmd_input/pcount_reg[3]_3[0]                                                                                                           |                                                                                                                                            |               11 |             32 |         2.91 |
|  sck_in_IBUF_BUFG        | cmd_input/cc_fifo/U0/inst_fifo_gen/gconvfifo.rf/grf.rf/gntv_or_sync_fifo.gl0.wr/gwas.wsts/ram_wr_en                                    | cmd_input/cc_fifo/U0/inst_fifo_gen/gconvfifo.rf/grf.rf/rstblk/ngwrdrst.grst.g7serrst.gnsckt_wrst.gic_rst.sckt_wr_rst_ic_reg_0              |                9 |             36 |         4.00 |
|  audio_clk/inst/clk_out1 | cmd_input/cc_fifo/U0/inst_fifo_gen/gconvfifo.rf/grf.rf/gntv_or_sync_fifo.gl0.rd/gr1.gr1_int.rfwft/ram_rd_en                            | cmd_input/cc_fifo/U0/inst_fifo_gen/gconvfifo.rf/grf.rf/rstblk/AR[0]                                                                        |                9 |             38 |         4.22 |
|  sck_in_IBUF_BUFG        |                                                                                                                                        | cs_in_IBUF                                                                                                                                 |               22 |             40 |         1.82 |
|  sck_in_IBUF_BUFG        | cmd_input/cc_fifo/U0/inst_fifo_gen/gconvfifo.rf/grf.rf/gntv_or_sync_fifo.gl0.wr/wpntr/ram_full_fb_i_reg                                |                                                                                                                                            |               11 |             44 |         4.00 |
|  sck_in_IBUF_BUFG        | cmd_input/cc_fifo/U0/inst_fifo_gen/gconvfifo.rf/grf.rf/gntv_or_sync_fifo.gl0.wr/wpntr/gic0.gc0.count_d2_reg[9]_3                       |                                                                                                                                            |               11 |             44 |         4.00 |
|  sck_in_IBUF_BUFG        | cmd_input/cc_fifo/U0/inst_fifo_gen/gconvfifo.rf/grf.rf/gntv_or_sync_fifo.gl0.wr/wpntr/gic0.gc0.count_d2_reg[7]_1                       |                                                                                                                                            |               11 |             44 |         4.00 |
|  sck_in_IBUF_BUFG        | cmd_input/cc_fifo/U0/inst_fifo_gen/gconvfifo.rf/grf.rf/gntv_or_sync_fifo.gl0.wr/wpntr/gic0.gc0.count_d2_reg[9]_1                       |                                                                                                                                            |               11 |             44 |         4.00 |
|  sck_in_IBUF_BUFG        | cmd_input/cc_fifo/U0/inst_fifo_gen/gconvfifo.rf/grf.rf/gntv_or_sync_fifo.gl0.wr/wpntr/ram_full_fb_i_reg_3                              |                                                                                                                                            |               11 |             44 |         4.00 |
|  sck_in_IBUF_BUFG        | cmd_input/cc_fifo/U0/inst_fifo_gen/gconvfifo.rf/grf.rf/gntv_or_sync_fifo.gl0.wr/wpntr/ram_full_fb_i_reg_0                              |                                                                                                                                            |               11 |             44 |         4.00 |
|  sck_in_IBUF_BUFG        | cmd_input/cc_fifo/U0/inst_fifo_gen/gconvfifo.rf/grf.rf/gntv_or_sync_fifo.gl0.wr/wpntr/gic0.gc0.count_d2_reg[9]_2                       |                                                                                                                                            |               11 |             44 |         4.00 |
|  sck_in_IBUF_BUFG        | cmd_input/cc_fifo/U0/inst_fifo_gen/gconvfifo.rf/grf.rf/gntv_or_sync_fifo.gl0.wr/wpntr/gic0.gc0.count_d2_reg[8]_0                       |                                                                                                                                            |               11 |             44 |         4.00 |
|  sck_in_IBUF_BUFG        | cmd_input/cc_fifo/U0/inst_fifo_gen/gconvfifo.rf/grf.rf/gntv_or_sync_fifo.gl0.wr/wpntr/ram_full_fb_i_reg_1                              |                                                                                                                                            |               11 |             44 |         4.00 |
|  sck_in_IBUF_BUFG        | cmd_input/cc_fifo/U0/inst_fifo_gen/gconvfifo.rf/grf.rf/gntv_or_sync_fifo.gl0.wr/wpntr/ram_full_fb_i_reg_2                              |                                                                                                                                            |               11 |             44 |         4.00 |
|  sck_in_IBUF_BUFG        | cmd_input/cc_fifo/U0/inst_fifo_gen/gconvfifo.rf/grf.rf/gntv_or_sync_fifo.gl0.wr/wpntr/ram_full_fb_i_reg_4                              |                                                                                                                                            |               11 |             44 |         4.00 |
|  sck_in_IBUF_BUFG        | cmd_input/cc_fifo/U0/inst_fifo_gen/gconvfifo.rf/grf.rf/gntv_or_sync_fifo.gl0.wr/wpntr/gic0.gc0.count_d2_reg[9]_0                       |                                                                                                                                            |               11 |             44 |         4.00 |
|  sck_in_IBUF_BUFG        | cmd_input/cc_fifo/U0/inst_fifo_gen/gconvfifo.rf/grf.rf/gntv_or_sync_fifo.gl0.wr/wpntr/gic0.gc0.count_d2_reg[8]_2                       |                                                                                                                                            |               11 |             44 |         4.00 |
|  sck_in_IBUF_BUFG        | cmd_input/cc_fifo/U0/inst_fifo_gen/gconvfifo.rf/grf.rf/gntv_or_sync_fifo.gl0.wr/wpntr/gic0.gc0.count_d2_reg[8]_1                       |                                                                                                                                            |               11 |             44 |         4.00 |
|  sck_in_IBUF_BUFG        | cmd_input/cc_fifo/U0/inst_fifo_gen/gconvfifo.rf/grf.rf/gntv_or_sync_fifo.gl0.wr/wpntr/gic0.gc0.count_d2_reg[7]_0                       |                                                                                                                                            |               11 |             44 |         4.00 |
|  sck_in_IBUF_BUFG        | cmd_input/cc_fifo/U0/inst_fifo_gen/gconvfifo.rf/grf.rf/gntv_or_sync_fifo.gl0.wr/wpntr/gic0.gc0.count_d2_reg[6]_0                       |                                                                                                                                            |               11 |             44 |         4.00 |
|  sck_in_IBUF_BUFG        |                                                                                                                                        |                                                                                                                                            |               13 |             47 |         3.62 |
|  audio_clk/inst/clk_out1 |                                                                                                                                        | voice1/synth_params_reg[72][0]                                                                                                             |               18 |             48 |         2.67 |
|  audio_clk/inst/clk_out1 |                                                                                                                                        | voice1/synth_params_reg[72][1]                                                                                                             |               18 |             48 |         2.67 |
|  audio_clk/inst/clk_out1 |                                                                                                                                        | voice1/synth_params_reg[72][2]                                                                                                             |               17 |             48 |         2.82 |
|  audio_clk/inst/clk_out1 |                                                                                                                                        | voice1/synth_params_reg[72][3]                                                                                                             |               19 |             48 |         2.53 |
|  audio_clk/inst/clk_out1 |                                                                                                                                        | voice1/synth_params_reg[72][4]                                                                                                             |               15 |             48 |         3.20 |
|  audio_clk/inst/clk_out1 |                                                                                                                                        | voice1/synth_params_reg[72][5]                                                                                                             |               14 |             48 |         3.43 |
|  audio_clk/inst/clk_out1 |                                                                                                                                        | voice2/op0/SR[0]                                                                                                                           |               28 |             96 |         3.43 |
|  audio_clk/inst/clk_out1 |                                                                                                                                        | voice2/op1/SR[0]                                                                                                                           |               28 |             96 |         3.43 |
|  audio_clk/inst/clk_out1 |                                                                                                                                        | voice2/op2/SR[0]                                                                                                                           |               29 |             96 |         3.31 |
|  audio_clk/inst/clk_out1 |                                                                                                                                        | voice2/op3/SR[0]                                                                                                                           |               33 |             96 |         2.91 |
|  audio_clk/inst/clk_out1 |                                                                                                                                        | voice2/op4/SR[0]                                                                                                                           |               30 |             96 |         3.20 |
|  audio_clk/inst/clk_out1 |                                                                                                                                        | voice2/op5/SR[0]                                                                                                                           |               28 |             96 |         3.43 |
|  audio_clk/inst/clk_out1 |                                                                                                                                        |                                                                                                                                            |               83 |            172 |         2.07 |
+--------------------------+----------------------------------------------------------------------------------------------------------------------------------------+--------------------------------------------------------------------------------------------------------------------------------------------+------------------+----------------+--------------+


