Copyright 1986-2020 Xilinx, Inc. All Rights Reserved.
------------------------------------------------------------------------------------
| Tool Version : Vivado v.2020.2 (lin64) Build 3064766 Wed Nov 18 09:12:47 MST 2020
| Date         : Sat Dec 31 14:48:39 2022
| Host         : Hellgate running 64-bit Ubuntu 22.04.1 LTS
| Command      : report_control_sets -verbose -file top_control_sets_placed.rpt
| Design       : top
| Device       : xc7s25
------------------------------------------------------------------------------------

Control Set Information

Table of Contents
-----------------
1. Summary
2. Histogram
3. Flip-Flop Distribution
4. Detailed Control Set Information

1. Summary
----------

+----------------------------------------------------------+-------+
|                          Status                          | Count |
+----------------------------------------------------------+-------+
| Total control sets                                       |    75 |
|    Minimum number of control sets                        |    75 |
|    Addition due to synthesis replication                 |     0 |
|    Addition due to physical synthesis replication        |     0 |
| Unused register locations in slices containing registers |   156 |
+----------------------------------------------------------+-------+
* Control sets can be merged at opt_design using control_set_merge or merge_equivalent_drivers
** Run report_qor_suggestions for automated merging and remapping suggestions


2. Histogram
------------

+--------------------+-------+
|       Fanout       | Count |
+--------------------+-------+
| Total control sets |    75 |
| >= 0 to < 4        |     3 |
| >= 4 to < 6        |     3 |
| >= 6 to < 8        |     3 |
| >= 8 to < 10       |     3 |
| >= 10 to < 12      |     3 |
| >= 12 to < 14      |     0 |
| >= 14 to < 16      |     4 |
| >= 16              |    56 |
+--------------------+-------+
* Control sets can be remapped at either synth_design or opt_design


3. Flip-Flop Distribution
-------------------------

+--------------+-----------------------+------------------------+-----------------+--------------+
| Clock Enable | Synchronous Set/Reset | Asynchronous Set/Reset | Total Registers | Total Slices |
+--------------+-----------------------+------------------------+-----------------+--------------+
| No           | No                    | No                     |             324 |          141 |
| No           | No                    | Yes                    |               0 |            0 |
| No           | Yes                   | No                     |            1091 |          315 |
| Yes          | No                    | No                     |             666 |          215 |
| Yes          | No                    | Yes                    |               0 |            0 |
| Yes          | Yes                   | No                     |              59 |           19 |
+--------------+-----------------------+------------------------+-----------------+--------------+


4. Detailed Control Set Information
-----------------------------------

+--------------------------+-----------------------------------+-----------------------------------------+------------------+----------------+--------------+
|       Clock Signal       |           Enable Signal           |             Set/Reset Signal            | Slice Load Count | Bel Load Count | Bels / Slice |
+--------------------------+-----------------------------------+-----------------------------------------+------------------+----------------+--------------+
|  audio_clk/inst/clk_out1 | channel1/lrck_counter[15]_i_1_n_0 | channel1/ready                          |                1 |              1 |         1.00 |
|  audio_clk/inst/clk_out1 | channel1/sd_reg                   | channel1/sck_reg_inferred__0/i__n_0     |                1 |              1 |         1.00 |
|  audio_clk/inst/clk_out1 | midi_rx/wvalid                    |                                         |                1 |              2 |         2.00 |
|  audio_clk/inst/clk_out1 | zebrain/leds[4]_i_1_n_0           |                                         |                2 |              4 |         2.00 |
|  audio_clk/inst/clk_out1 | midi_rx/bitcnt                    |                                         |                2 |              4 |         2.00 |
|  audio_clk/inst/clk_out1 | channel1/bit_counter[3]_i_1_n_0   |                                         |                2 |              5 |         2.50 |
|  audio_clk/inst/clk_out1 | zebrain/freq_2                    | zebrain/freq_2[15]_i_1_n_0              |                2 |              6 |         3.00 |
|  audio_clk/inst/clk_out1 | zebrain/freq_1                    | zebrain/freq_1[15]_i_1_n_0              |                2 |              6 |         3.00 |
|  audio_clk/inst/clk_out1 | zebrain/freq_0                    | zebrain/freq_0[15]_i_1_n_0              |                3 |              6 |         2.00 |
|  audio_clk/inst/clk_out1 | zebrain/active_note[2][7]_i_2_n_0 | zebrain/active_note[2][7]_i_1_n_0       |                2 |              8 |         4.00 |
|  audio_clk/inst/clk_out1 | zebrain/active_note[1][7]_i_2_n_0 | zebrain/active_note[1][7]_i_1_n_0       |                2 |              8 |         4.00 |
|  audio_clk/inst/clk_out1 | zebrain/active_note[0][7]_i_2_n_0 | zebrain/active_note[0][7]_i_1_n_0       |                2 |              8 |         4.00 |
|  audio_clk/inst/clk_out1 | zebrain/freq_0                    |                                         |                5 |             10 |         2.00 |
|  audio_clk/inst/clk_out1 | zebrain/freq_1                    |                                         |                5 |             10 |         2.00 |
|  audio_clk/inst/clk_out1 | zebrain/freq_2                    |                                         |                4 |             10 |         2.50 |
|  audio_clk/inst/clk_out1 |                                   | midi_rx/word0                           |                5 |             14 |         2.80 |
|  audio_clk/inst/clk_out1 | channel1/lrck_counter[15]_i_1_n_0 |                                         |                5 |             15 |         3.00 |
|  audio_clk/inst/clk_out1 |                                   | channel1/lrck_counter[15]_i_1_n_0       |                4 |             15 |         3.75 |
|  audio_clk/inst/clk_out1 | midi_rx/counter_1                 | midi_rx/counter[15]_i_1_n_0             |                4 |             15 |         3.75 |
|  audio_clk/inst/clk_out1 |                                   | voice2/op5/phasecounter[25]_i_1__16_n_0 |                8 |             27 |         3.38 |
|  audio_clk/inst/clk_out1 |                                   | voice2/op4/phasecounter[25]_i_1__15_n_0 |                8 |             27 |         3.38 |
|  audio_clk/inst/clk_out1 |                                   | voice2/op3/phasecounter[25]_i_1__14_n_0 |                8 |             27 |         3.38 |
|  audio_clk/inst/clk_out1 |                                   | voice1/op2/phasecounter[25]_i_1__7_n_0  |                8 |             27 |         3.38 |
|  audio_clk/inst/clk_out1 |                                   | voice2/op2/phasecounter[25]_i_1__13_n_0 |                8 |             27 |         3.38 |
|  audio_clk/inst/clk_out1 |                                   | voice2/op1/phasecounter[25]_i_1__12_n_0 |                8 |             27 |         3.38 |
|  audio_clk/inst/clk_out1 |                                   | voice2/op0/phasecounter[25]_i_1__11_n_0 |                8 |             27 |         3.38 |
|  audio_clk/inst/clk_out1 |                                   | voice0/op1/phasecounter[25]_i_1__0_n_0  |                8 |             27 |         3.38 |
|  audio_clk/inst/clk_out1 |                                   | voice0/op0/phasecounter[25]_i_1_n_0     |                8 |             27 |         3.38 |
|  audio_clk/inst/clk_out1 |                                   | voice0/op5/phasecounter[25]_i_1__4_n_0  |                8 |             27 |         3.38 |
|  audio_clk/inst/clk_out1 |                                   | voice0/op2/phasecounter[25]_i_1__1_n_0  |                8 |             27 |         3.38 |
|  audio_clk/inst/clk_out1 |                                   | voice1/op3/phasecounter[25]_i_1__8_n_0  |                8 |             27 |         3.38 |
|  audio_clk/inst/clk_out1 |                                   | voice0/op4/phasecounter[25]_i_1__3_n_0  |                8 |             27 |         3.38 |
|  audio_clk/inst/clk_out1 |                                   | voice1/op4/phasecounter[25]_i_1__9_n_0  |                8 |             27 |         3.38 |
|  audio_clk/inst/clk_out1 |                                   | voice1/op5/phasecounter[25]_i_1__10_n_0 |                8 |             27 |         3.38 |
|  audio_clk/inst/clk_out1 |                                   | voice1/op0/phasecounter[25]_i_1__5_n_0  |                8 |             27 |         3.38 |
|  audio_clk/inst/clk_out1 |                                   | voice0/op3/phasecounter[25]_i_1__2_n_0  |                8 |             27 |         3.38 |
|  audio_clk/inst/clk_out1 |                                   | voice1/op1/phasecounter[25]_i_1__6_n_0  |                8 |             27 |         3.38 |
|  audio_clk/inst/clk_out1 | channel1/E[0]                     |                                         |               11 |             30 |         2.73 |
|  audio_clk/inst/clk_out1 | voice2/op3/adsr_amp               |                                         |                8 |             32 |         4.00 |
|  audio_clk/inst/clk_out1 | voice2/op5/adsr_amp               |                                         |               11 |             32 |         2.91 |
|  audio_clk/inst/clk_out1 | voice2/op2/adsr_amp               |                                         |               10 |             32 |         3.20 |
|  audio_clk/inst/clk_out1 | voice2/op1/adsr_amp               |                                         |               11 |             32 |         2.91 |
|  audio_clk/inst/clk_out1 | voice2/op4/adsr_amp               |                                         |               10 |             32 |         3.20 |
|  audio_clk/inst/clk_out1 |                                   | voice2/op5/adsr_counter[31]_i_1__16_n_0 |                9 |             32 |         3.56 |
|  audio_clk/inst/clk_out1 | voice2/op0/adsr_amp               |                                         |                9 |             32 |         3.56 |
|  audio_clk/inst/clk_out1 | voice1/op2/adsr_amp               |                                         |               10 |             32 |         3.20 |
|  audio_clk/inst/clk_out1 | voice1/op1/adsr_amp               |                                         |                9 |             32 |         3.56 |
|  audio_clk/inst/clk_out1 | voice0/op5/adsr_amp               |                                         |                9 |             32 |         3.56 |
|  audio_clk/inst/clk_out1 | voice1/op0/adsr_amp               |                                         |               11 |             32 |         2.91 |
|  audio_clk/inst/clk_out1 | voice1/op5/adsr_amp               |                                         |               11 |             32 |         2.91 |
|  audio_clk/inst/clk_out1 | voice1/op4/adsr_amp               |                                         |               11 |             32 |         2.91 |
|  audio_clk/inst/clk_out1 | voice0/op3/adsr_amp               |                                         |               12 |             32 |         2.67 |
|  audio_clk/inst/clk_out1 | voice0/op4/adsr_amp               |                                         |                8 |             32 |         4.00 |
|  audio_clk/inst/clk_out1 |                                   | voice1/op1/adsr_counter[31]_i_1__6_n_0  |                9 |             32 |         3.56 |
|  audio_clk/inst/clk_out1 |                                   | voice1/op3/adsr_counter[31]_i_1__8_n_0  |                9 |             32 |         3.56 |
|  audio_clk/inst/clk_out1 |                                   | voice0/op2/adsr_counter[31]_i_1__0_n_0  |                9 |             32 |         3.56 |
|  audio_clk/inst/clk_out1 |                                   | voice0/op0/adsr_counter[31]_i_1_n_0     |                9 |             32 |         3.56 |
|  audio_clk/inst/clk_out1 |                                   | voice0/op5/adsr_counter[31]_i_1__4_n_0  |                9 |             32 |         3.56 |
|  audio_clk/inst/clk_out1 |                                   | voice0/op3/adsr_counter[31]_i_1__2_n_0  |                9 |             32 |         3.56 |
|  audio_clk/inst/clk_out1 |                                   | voice0/op4/adsr_counter[31]_i_1__3_n_0  |                9 |             32 |         3.56 |
|  audio_clk/inst/clk_out1 |                                   | voice0/op1/adsr_counter[31]_i_1__1_n_0  |                9 |             32 |         3.56 |
|  audio_clk/inst/clk_out1 |                                   | voice1/op4/adsr_counter[31]_i_1__9_n_0  |                9 |             32 |         3.56 |
|  audio_clk/inst/clk_out1 |                                   | voice1/op5/adsr_counter[31]_i_1__10_n_0 |                9 |             32 |         3.56 |
|  audio_clk/inst/clk_out1 |                                   | voice1/op0/adsr_counter[31]_i_1__5_n_0  |                9 |             32 |         3.56 |
|  audio_clk/inst/clk_out1 | voice1/op3/adsr_amp               |                                         |               11 |             32 |         2.91 |
|  audio_clk/inst/clk_out1 |                                   | voice1/op2/adsr_counter[31]_i_1__7_n_0  |                9 |             32 |         3.56 |
|  audio_clk/inst/clk_out1 |                                   | voice2/op0/adsr_counter[31]_i_1__11_n_0 |                9 |             32 |         3.56 |
|  audio_clk/inst/clk_out1 |                                   | voice2/op1/adsr_counter[31]_i_1__12_n_0 |                9 |             32 |         3.56 |
|  audio_clk/inst/clk_out1 |                                   | voice2/op2/adsr_counter[31]_i_1__13_n_0 |                9 |             32 |         3.56 |
|  audio_clk/inst/clk_out1 |                                   | voice2/op3/adsr_counter[31]_i_1__14_n_0 |                9 |             32 |         3.56 |
|  audio_clk/inst/clk_out1 |                                   | voice2/op4/adsr_counter[31]_i_1__15_n_0 |                9 |             32 |         3.56 |
|  audio_clk/inst/clk_out1 | voice0/op0/adsr_amp               |                                         |                8 |             32 |         4.00 |
|  audio_clk/inst/clk_out1 | voice0/op2/adsr_amp               |                                         |               10 |             32 |         3.20 |
|  audio_clk/inst/clk_out1 | voice0/op1/adsr_amp               |                                         |                9 |             32 |         3.56 |
|  audio_clk/inst/clk_out1 |                                   |                                         |              141 |            324 |         2.30 |
+--------------------------+-----------------------------------+-----------------------------------------+------------------+----------------+--------------+


