Copyright 1986-2020 Xilinx, Inc. All Rights Reserved.
------------------------------------------------------------------------------------
| Tool Version : Vivado v.2020.2 (lin64) Build 3064766 Wed Nov 18 09:12:47 MST 2020
| Date         : Fri May 19 13:00:12 2023
| Host         : Hellgate running 64-bit Ubuntu 22.04.2 LTS
| Command      : report_control_sets -verbose -file top_control_sets_placed.rpt
| Design       : top
| Device       : xc7s25
------------------------------------------------------------------------------------

Control Set Information

Table of Contents
-----------------
1. Summary
2. Histogram
3. Flip-Flop Distribution
4. Detailed Control Set Information

1. Summary
----------

+----------------------------------------------------------+-------+
|                          Status                          | Count |
+----------------------------------------------------------+-------+
| Total control sets                                       |   194 |
|    Minimum number of control sets                        |   138 |
|    Addition due to synthesis replication                 |     0 |
|    Addition due to physical synthesis replication        |    56 |
| Unused register locations in slices containing registers |   349 |
+----------------------------------------------------------+-------+
* Control sets can be merged at opt_design using control_set_merge or merge_equivalent_drivers
** Run report_qor_suggestions for automated merging and remapping suggestions


2. Histogram
------------

+--------------------+-------+
|       Fanout       | Count |
+--------------------+-------+
| Total control sets |   194 |
| >= 0 to < 4        |    12 |
| >= 4 to < 6        |     9 |
| >= 6 to < 8        |     2 |
| >= 8 to < 10       |     1 |
| >= 10 to < 12      |     1 |
| >= 12 to < 14      |     1 |
| >= 14 to < 16      |    15 |
| >= 16              |   153 |
+--------------------+-------+
* Control sets can be remapped at either synth_design or opt_design


3. Flip-Flop Distribution
-------------------------

+--------------+-----------------------+------------------------+-----------------+--------------+
| Clock Enable | Synchronous Set/Reset | Asynchronous Set/Reset | Total Registers | Total Slices |
+--------------+-----------------------+------------------------+-----------------+--------------+
| No           | No                    | No                     |            1933 |          517 |
| No           | No                    | Yes                    |              24 |            9 |
| No           | Yes                   | No                     |              55 |           11 |
| Yes          | No                    | No                     |           12371 |         2466 |
| Yes          | No                    | Yes                    |              35 |            8 |
| Yes          | Yes                   | No                     |             529 |          148 |
+--------------+-----------------------+------------------------+-----------------+--------------+


4. Detailed Control Set Information
-----------------------------------

+-----------------------------+-------------------------------------------------------------------------------------------------------------------------+--------------------------------------------------------------------------------------------------------------------------------------------+------------------+----------------+--------------+
|         Clock Signal        |                                                      Enable Signal                                                      |                                                              Set/Reset Signal                                                              | Slice Load Count | Bel Load Count | Bels / Slice |
+-----------------------------+-------------------------------------------------------------------------------------------------------------------------+--------------------------------------------------------------------------------------------------------------------------------------------+------------------+----------------+--------------+
|  clk147_BUFG                | selvoice[5]                                                                                                             |                                                                                                                                            |                1 |              1 |         1.00 |
|  clk24_BUFG                 | lrck_counter[15]_i_1_n_0                                                                                                | lrck_reg_i_1_n_0                                                                                                                           |                1 |              1 |         1.00 |
|  clk147_BUFG                | selvoice[1]                                                                                                             |                                                                                                                                            |                1 |              1 |         1.00 |
|  clk24_BUFG                 | channel1/sd_reg                                                                                                         | sck_reg_i_1_n_0                                                                                                                            |                1 |              1 |         1.00 |
|  clk147_BUFG                | reg_samples[1][15]_i_2__4_n_0                                                                                           | reg_samples[3][15]_i_1_n_0                                                                                                                 |                1 |              2 |         2.00 |
|  clk147_BUFG                | reg_samples[1][15]_i_2__4_n_0                                                                                           | reg_samples[3][15]_i_1__0_n_0                                                                                                              |                2 |              2 |         1.00 |
|  clk147_BUFG                | reg_samples[1][15]_i_2__4_n_0                                                                                           | reg_samples[3][15]_i_1__1_n_0                                                                                                              |                1 |              2 |         2.00 |
|  clk147_BUFG                | reg_samples[1][15]_i_2__4_n_0                                                                                           | reg_samples[3][15]_i_1__2_n_0                                                                                                              |                2 |              2 |         1.00 |
|  clk147_BUFG                | reg_samples[1][15]_i_2__4_n_0                                                                                           | reg_samples[3][15]_i_1__3_n_0                                                                                                              |                1 |              2 |         2.00 |
|  clk147_BUFG                | reg_samples[1][15]_i_2__4_n_0                                                                                           | reg_samples[3][15]_i_1__4_n_0                                                                                                              |                2 |              2 |         1.00 |
|  sck_in_IBUF_BUFG           |                                                                                                                         | cmd_input/cc_fifo/U0/inst_fifo_gen/gconvfifo.rf/grf.rf/rstblk/rst_d2                                                                       |                1 |              2 |         2.00 |
|  clk147_BUFG                |                                                                                                                         | cmd_input/cc_fifo/U0/inst_fifo_gen/gconvfifo.rf/grf.rf/rstblk/ngwrdrst.grst.g7serrst.gnsckt_wrst.gic_rst.rst_rd_reg2_inst/arststages_ff[1] |                2 |              3 |         1.50 |
|  clk147_BUFG                | op_state_reg_0_7_0_0_i_2__0_n_0                                                                                         |                                                                                                                                            |                1 |              4 |         4.00 |
|  clk147_BUFG                | op_state_reg_0_7_0_0_i_2__1_n_0                                                                                         |                                                                                                                                            |                1 |              4 |         4.00 |
|  clk147_BUFG                | op_state_reg_0_7_0_0_i_2__2_n_0                                                                                         |                                                                                                                                            |                1 |              4 |         4.00 |
|  clk147_BUFG                | op_state_reg_0_7_0_0_i_2__3_n_0                                                                                         |                                                                                                                                            |                1 |              4 |         4.00 |
|  clk147_BUFG                | op_state_reg_0_7_0_0_i_2__4_n_0                                                                                         |                                                                                                                                            |                1 |              4 |         4.00 |
|  clk147_BUFG                | op_state_reg_0_7_0_0_i_2_n_0                                                                                            |                                                                                                                                            |                1 |              4 |         4.00 |
|  clk147_BUFG                | FSM_sequential_set_state[3]_i_1_n_0                                                                                     |                                                                                                                                            |                2 |              4 |         2.00 |
|  clk24_BUFG                 | bit_counter[3]_i_1_n_0                                                                                                  |                                                                                                                                            |                2 |              5 |         2.50 |
|  clk24_BUFG                 |                                                                                                                         |                                                                                                                                            |                2 |              5 |         2.50 |
|  clk147_BUFG                | cmd_fsm/p_0_out[4]                                                                                                      |                                                                                                                                            |                2 |              6 |         3.00 |
|  clk147_BUFG                | selected_voices[5]_i_1_n_0                                                                                              |                                                                                                                                            |                2 |              6 |         3.00 |
|  sck_in_IBUF_BUFG           |                                                                                                                         | cmd_input/cc_fifo/U0/inst_fifo_gen/gconvfifo.rf/grf.rf/rstblk/ngwrdrst.grst.g7serrst.gnsckt_wrst.rst_wr_reg2_inst/arststages_ff[1]         |                2 |              9 |         4.50 |
|  clk147_BUFG                |                                                                                                                         | cmd_input/cc_fifo/U0/inst_fifo_gen/gconvfifo.rf/grf.rf/rstblk/ngwrdrst.grst.g7serrst.gnsckt_wrst.gic_rst.sckt_rd_rst_ic_reg_0[0]           |                4 |             10 |         2.50 |
|  clk147_BUFG                | sel_int\\.modin_2[11]_i_1_n_0                                                                                           |                                                                                                                                            |                6 |             12 |         2.00 |
|  clk147_BUFG                | cmd_input/cc_fifo/U0/inst_fifo_gen/gconvfifo.rf/grf.rf/gntv_or_sync_fifo.gl0.rd/gr1.gr1_int.rfwft/ram_empty_fb_i_reg[0] | cmd_input/cc_fifo/U0/inst_fifo_gen/gconvfifo.rf/grf.rf/rstblk/ngwrdrst.grst.g7serrst.gnsckt_wrst.gic_rst.sckt_rd_rst_ic_reg_0[0]           |                4 |             14 |         3.50 |
|  clk147_BUFG                | reg_samples[1][15]_i_2__4_n_0                                                                                           | reg_samples[4][15]_i_1_n_0                                                                                                                 |                5 |             15 |         3.00 |
|  clk147_BUFG                | reg_samples[1][15]_i_2__4_n_0                                                                                           | reg_samples[4][15]_i_1__3_n_0                                                                                                              |                3 |             15 |         5.00 |
|  clk147_BUFG                | reg_samples[1][15]_i_2__4_n_0                                                                                           | reg_samples[4][15]_i_1__2_n_0                                                                                                              |                4 |             15 |         3.75 |
|  clk147_BUFG                | reg_samples[1][15]_i_2__4_n_0                                                                                           | reg_samples[4][15]_i_1__1_n_0                                                                                                              |                6 |             15 |         2.50 |
|  clk147_BUFG                | reg_samples[1][15]_i_2__4_n_0                                                                                           | reg_samples[4][15]_i_1__0_n_0                                                                                                              |                3 |             15 |         5.00 |
|  clk147_BUFG                | reg_samples[1][15]_i_2__4_n_0                                                                                           | reg_samples[0][15]_i_1__0_n_0                                                                                                              |                4 |             15 |         3.75 |
|  clk147_BUFG                | reg_samples[1][15]_i_2__4_n_0                                                                                           | reg_samples[0][15]_i_1__1_n_0                                                                                                              |                4 |             15 |         3.75 |
|  clk147_BUFG                | reg_samples[1][15]_i_2__4_n_0                                                                                           | reg_samples[0][15]_i_1__2_n_0                                                                                                              |                5 |             15 |         3.00 |
|  clk147_BUFG                | reg_samples[1][15]_i_2__4_n_0                                                                                           | reg_samples[0][15]_i_1__3_n_0                                                                                                              |                3 |             15 |         5.00 |
|  clk147_BUFG                | reg_samples[1][15]_i_2__4_n_0                                                                                           | reg_samples[0][15]_i_1__4_n_0                                                                                                              |                7 |             15 |         2.14 |
|  clk147_BUFG                | reg_samples[1][15]_i_2__4_n_0                                                                                           | reg_samples[4][15]_i_1__4_n_0                                                                                                              |                4 |             15 |         3.75 |
|  clk24_BUFG                 |                                                                                                                         | lrck_counter[15]_i_1_n_0                                                                                                                   |                4 |             15 |         3.75 |
|  clk147_BUFG                | counter[15]_i_2_n_0                                                                                                     | counter[15]_i_1_n_0                                                                                                                        |                4 |             15 |         3.75 |
|  clk147_BUFG                | reg_samples[1][15]_i_2__4_n_0                                                                                           | reg_samples[0][15]_i_1_n_0                                                                                                                 |                4 |             15 |         3.75 |
|  clk147_BUFG                | reg_samples[1][15]_i_2__4_n_0                                                                                           | reg_samples[1][15]_i_1__0_n_0                                                                                                              |                4 |             16 |         4.00 |
|  clk147_BUFG                | reg_samples[1][15]_i_2__4_n_0                                                                                           | reg_samples[5][15]_i_1__0_n_0                                                                                                              |                6 |             16 |         2.67 |
|  clk147_BUFG                | reg_samples[1][15]_i_2__4_n_0                                                                                           | reg_samples[5][15]_i_1__1_n_0                                                                                                              |                5 |             16 |         3.20 |
|  clk147_BUFG                | reg_samples[1][15]_i_2__4_n_0                                                                                           | reg_samples[5][15]_i_1__2_n_0                                                                                                              |                3 |             16 |         5.33 |
|  clk147_BUFG                | reg_samples[1][15]_i_2__4_n_0                                                                                           | reg_samples[5][15]_i_1__3_n_0                                                                                                              |                3 |             16 |         5.33 |
|  clk147_BUFG                | reg_samples[1][15]_i_2__4_n_0                                                                                           | reg_samples[5][15]_i_1__4_n_0                                                                                                              |                4 |             16 |         4.00 |
|  clk147_BUFG                | reg_samples[1][15]_i_2__4_n_0                                                                                           | reg_samples[5][15]_i_1_n_0                                                                                                                 |                2 |             16 |         8.00 |
|  clk24_BUFG                 | lrck_counter[15]_i_1_n_0                                                                                                |                                                                                                                                            |                2 |             16 |         8.00 |
|  clk147_BUFG                | reg_samples[1][15]_i_2__4_n_0                                                                                           | reg_samples[2][15]_i_1_n_0                                                                                                                 |                4 |             16 |         4.00 |
|  clk147_BUFG                | reg_samples[1][15]_i_2__4_n_0                                                                                           | reg_samples[2][15]_i_1__4_n_0                                                                                                              |                4 |             16 |         4.00 |
|  clk147_BUFG                | reg_samples[1][15]_i_2__4_n_0                                                                                           | reg_samples[2][15]_i_1__3_n_0                                                                                                              |                6 |             16 |         2.67 |
|  clk147_BUFG                | reg_samples[1][15]_i_2__4_n_0                                                                                           | reg_samples[2][15]_i_1__2_n_0                                                                                                              |                8 |             16 |         2.00 |
|  clk147_BUFG                | reg_samples[1][15]_i_2__4_n_0                                                                                           | reg_samples[2][15]_i_1__1_n_0                                                                                                              |                2 |             16 |         8.00 |
|  clk147_BUFG                | reg_samples[1][15]_i_2__4_n_0                                                                                           | reg_samples[2][15]_i_1__0_n_0                                                                                                              |                3 |             16 |         5.33 |
|  clk147_BUFG                | reg_samples[1][15]_i_2__4_n_0                                                                                           | reg_samples[1][15]_i_1_n_0                                                                                                                 |                3 |             16 |         5.33 |
|  clk147_BUFG                | reg_samples[1][15]_i_2__4_n_0                                                                                           | reg_samples[1][15]_i_1__4_n_0                                                                                                              |                4 |             16 |         4.00 |
|  clk147_BUFG                | reg_samples[1][15]_i_2__4_n_0                                                                                           | reg_samples[1][15]_i_1__3_n_0                                                                                                              |                3 |             16 |         5.33 |
|  clk147_BUFG                | reg_samples[1][15]_i_2__4_n_0                                                                                           | reg_samples[1][15]_i_1__2_n_0                                                                                                              |                3 |             16 |         5.33 |
|  clk147_BUFG                | reg_samples[1][15]_i_2__4_n_0                                                                                           | reg_samples[1][15]_i_1__1_n_0                                                                                                              |                6 |             16 |         2.67 |
|  sck_in_IBUF_BUFG           | cmd_input/cc_fifo/U0/inst_fifo_gen/gconvfifo.rf/grf.rf/gntv_or_sync_fifo.gl0.wr/gwas.wsts/E[0]                          | cmd_input/cc_fifo/U0/inst_fifo_gen/gconvfifo.rf/grf.rf/rstblk/AR[0]                                                                        |                4 |             21 |         5.25 |
|  clk147_BUFG                | sel_int\\.modin_1[29]_i_1_n_0                                                                                           |                                                                                                                                            |                9 |             26 |         2.89 |
|  clk147_BUFG                | sel_int\\.su_lvl[3][31]_i_1_n_0                                                                                         |                                                                                                                                            |               13 |             32 |         2.46 |
|  clk147_BUFG                | sel_int\\.re_inc[2][31]_i_1_n_0                                                                                         |                                                                                                                                            |                7 |             32 |         4.57 |
|  clk147_BUFG                | sel_int\\.re_inc[3][31]_i_1_n_0                                                                                         |                                                                                                                                            |                8 |             32 |         4.00 |
|  clk147_BUFG                | sel_int\\.re_inc[4][31]_i_1_n_0                                                                                         |                                                                                                                                            |                7 |             32 |         4.57 |
|  clk147_BUFG                | sel_int\\.re_inc[5][31]_i_1_n_0                                                                                         |                                                                                                                                            |                6 |             32 |         5.33 |
|  clk147_BUFG                | sel_int\\.re_time[0][31]_i_1_n_0                                                                                        |                                                                                                                                            |                8 |             32 |         4.00 |
|  clk147_BUFG                | sel_int\\.re_time[1][31]_i_1_n_0                                                                                        |                                                                                                                                            |                7 |             32 |         4.57 |
|  clk147_BUFG                | sel_int\\.re_time[2][31]_i_1_n_0                                                                                        |                                                                                                                                            |               10 |             32 |         3.20 |
|  clk147_BUFG                | sel_int\\.re_time[3][31]_i_1_n_0                                                                                        |                                                                                                                                            |                8 |             32 |         4.00 |
|  clk147_BUFG                | sel_int\\.re_time[4][31]_i_1_n_0                                                                                        |                                                                                                                                            |                8 |             32 |         4.00 |
|  clk147_BUFG                | sel_int\\.re_time[5][31]_i_1_n_0                                                                                        |                                                                                                                                            |                7 |             32 |         4.57 |
|  clk147_BUFG                | sel_int\\.su_lvl[0][31]_i_1_n_0                                                                                         |                                                                                                                                            |                9 |             32 |         3.56 |
|  clk147_BUFG                | sel_int\\.su_lvl[1][31]_i_1_n_0                                                                                         |                                                                                                                                            |               15 |             32 |         2.13 |
|  clk147_BUFG                | sel_int\\.su_lvl[2][31]_i_1_n_0                                                                                         |                                                                                                                                            |               14 |             32 |         2.29 |
|  clk147_BUFG                | sel_int\\.amplitude[5][31]_i_1_n_0                                                                                      |                                                                                                                                            |               15 |             32 |         2.13 |
|  clk147_BUFG                | sel_int\\.su_lvl[4][31]_i_1_n_0                                                                                         |                                                                                                                                            |               12 |             32 |         2.67 |
|  clk147_BUFG                | sel_int\\.su_lvl[5][31]_i_1_n_0                                                                                         |                                                                                                                                            |               10 |             32 |         3.20 |
|  clk147_BUFG                | sel_int\\.su_time[0][31]_i_1_n_0                                                                                        |                                                                                                                                            |               11 |             32 |         2.91 |
|  clk147_BUFG                | sel_int\\.su_time[1][31]_i_1_n_0                                                                                        |                                                                                                                                            |                8 |             32 |         4.00 |
|  clk147_BUFG                | sel_int\\.su_time[2][31]_i_1_n_0                                                                                        |                                                                                                                                            |                9 |             32 |         3.56 |
|  clk147_BUFG                | sel_int\\.su_time[3][31]_i_1_n_0                                                                                        |                                                                                                                                            |                9 |             32 |         3.56 |
|  clk147_BUFG                | sel_int\\.su_time[4][31]_i_1_n_0                                                                                        |                                                                                                                                            |                8 |             32 |         4.00 |
|  clk147_BUFG                | sel_int\\.su_time[5][31]_i_1_n_0                                                                                        |                                                                                                                                            |                7 |             32 |         4.57 |
|  clk147_BUFG                | sel_int\\.amplitude[2][31]_i_1_n_0                                                                                      |                                                                                                                                            |                9 |             32 |         3.56 |
|  clk147_BUFG                | sel_int\\.amplitude[1][31]_i_1_n_0                                                                                      |                                                                                                                                            |                8 |             32 |         4.00 |
|  clk147_BUFG                | sel_int\\.amplitude[0][31]_i_1_n_0                                                                                      |                                                                                                                                            |                8 |             32 |         4.00 |
|  clk147_BUFG                | i2s_ready                                                                                                               |                                                                                                                                            |                9 |             32 |         3.56 |
|  clk147_BUFG                | cmd_input/cc_fifo/U0/inst_fifo_gen/gconvfifo.rf/grf.rf/gntv_or_sync_fifo.gl0.rd/gr1.gr1_int.rfwft/E[0]                  | cmd_input/cc_fifo/U0/inst_fifo_gen/gconvfifo.rf/grf.rf/rstblk/ngwrdrst.grst.g7serrst.gnsckt_wrst.gic_rst.sckt_rd_rst_ic_reg_0[0]           |                8 |             32 |         4.00 |
|  clk147_BUFG                | sel_int\\.amplitude[4][31]_i_1_n_0                                                                                      |                                                                                                                                            |               11 |             32 |         2.91 |
|  clk147_BUFG                | sel_int\\.re_inc[0][31]_i_1_n_0                                                                                         |                                                                                                                                            |                9 |             32 |         3.56 |
|  clk147_BUFG                | sel_int\\.at_inc[0][31]_i_1_n_0                                                                                         |                                                                                                                                            |               10 |             32 |         3.20 |
|  clk147_BUFG                | sel_int\\.at_inc[1][31]_i_1_n_0                                                                                         |                                                                                                                                            |               11 |             32 |         2.91 |
|  clk147_BUFG                | sel_int\\.at_inc[2][31]_i_1_n_0                                                                                         |                                                                                                                                            |                9 |             32 |         3.56 |
|  clk147_BUFG                | sel_int\\.at_inc[3][31]_i_1_n_0                                                                                         |                                                                                                                                            |               10 |             32 |         3.20 |
|  clk147_BUFG                | sel_int\\.re_inc[1][31]_i_1_n_0                                                                                         |                                                                                                                                            |                9 |             32 |         3.56 |
|  clk147_BUFG                | sel_int\\.at_inc[4][31]_i_1_n_0                                                                                         |                                                                                                                                            |                9 |             32 |         3.56 |
|  clk147_BUFG                | sel_int\\.at_inc[5][31]_i_1_n_0                                                                                         |                                                                                                                                            |                9 |             32 |         3.56 |
|  clk147_BUFG                | sel_int\\.at_time[0][31]_i_1_n_0                                                                                        |                                                                                                                                            |                8 |             32 |         4.00 |
|  clk147_BUFG                | sel_int\\.at_time[1][31]_i_1_n_0                                                                                        |                                                                                                                                            |                9 |             32 |         3.56 |
|  clk147_BUFG                | sel_int\\.at_time[2][31]_i_1_n_0                                                                                        |                                                                                                                                            |               12 |             32 |         2.67 |
|  clk147_BUFG                | sel_int\\.at_time[3][31]_i_1_n_0                                                                                        |                                                                                                                                            |               11 |             32 |         2.91 |
|  clk147_BUFG                | sel_int\\.at_time[4][31]_i_1_n_0                                                                                        |                                                                                                                                            |               10 |             32 |         3.20 |
|  clk147_BUFG                | sel_int\\.at_time[5][31]_i_1_n_0                                                                                        |                                                                                                                                            |               10 |             32 |         3.20 |
|  clk147_BUFG                | sel_int\\.de_inc[1][31]_i_1_n_0                                                                                         |                                                                                                                                            |               10 |             32 |         3.20 |
|  clk147_BUFG                | sel_int\\.amplitude[3][31]_i_1_n_0                                                                                      |                                                                                                                                            |               10 |             32 |         3.20 |
|  clk147_BUFG                | sel_int\\.de_time[5][31]_i_1_n_0                                                                                        |                                                                                                                                            |               13 |             32 |         2.46 |
|  clk147_BUFG                | sel_int\\.de_time[4][31]_i_1_n_0                                                                                        |                                                                                                                                            |               12 |             32 |         2.67 |
|  clk147_BUFG                | sel_int\\.de_time[3][31]_i_1_n_0                                                                                        |                                                                                                                                            |               11 |             32 |         2.91 |
|  clk147_BUFG                | sel_int\\.de_time[2][31]_i_1_n_0                                                                                        |                                                                                                                                            |               11 |             32 |         2.91 |
|  clk147_BUFG                | sel_int\\.de_time[1][31]_i_1_n_0                                                                                        |                                                                                                                                            |               11 |             32 |         2.91 |
|  clk147_BUFG                | sel_int\\.de_inc[5][31]_i_1_n_0                                                                                         |                                                                                                                                            |               11 |             32 |         2.91 |
|  clk147_BUFG                | sel_int\\.de_inc[4][31]_i_1_n_0                                                                                         |                                                                                                                                            |               10 |             32 |         3.20 |
|  clk147_BUFG                | sel_int\\.de_inc[3][31]_i_1_n_0                                                                                         |                                                                                                                                            |                9 |             32 |         3.56 |
|  clk147_BUFG                | sel_int\\.de_inc[2][31]_i_1_n_0                                                                                         |                                                                                                                                            |               12 |             32 |         2.67 |
|  clk147_BUFG                | sel_int\\.de_inc[0][31]_i_1_n_0                                                                                         |                                                                                                                                            |               10 |             32 |         3.20 |
|  clk147_BUFG                | sel_int\\.de_time[0][31]_i_1_n_0                                                                                        |                                                                                                                                            |               13 |             32 |         2.46 |
|  sck_in_IBUF_BUFG           |                                                                                                                         |                                                                                                                                            |                7 |             35 |         5.00 |
|  sck_in_IBUF_BUFG           |                                                                                                                         | cs_in_IBUF                                                                                                                                 |                7 |             40 |         5.71 |
|  clk147_BUFG                | op_adsr_count_reg_0_7_0_0_i_2_n_0                                                                                       |                                                                                                                                            |               17 |             64 |         3.76 |
|  clk147_BUFG                | op_adsr_count_reg_0_7_0_0_i_2__3_n_0                                                                                    |                                                                                                                                            |               17 |             64 |         3.76 |
|  clk147_BUFG                | op_adsr_count_reg_0_7_0_0_i_2__2_n_0                                                                                    |                                                                                                                                            |               17 |             64 |         3.76 |
|  clk147_BUFG                | op_adsr_count_reg_0_7_0_0_i_2__1_n_0                                                                                    |                                                                                                                                            |               17 |             64 |         3.76 |
|  clk147_BUFG                | op_adsr_count_reg_0_7_0_0_i_2__4_n_0                                                                                    |                                                                                                                                            |               17 |             64 |         3.76 |
|  clk147_BUFG                | op_adsr_count_reg_0_7_0_0_i_2__0_n_0                                                                                    |                                                                                                                                            |               17 |             64 |         3.76 |
|  clk147_BUFG                | mix_out                                                                                                                 |                                                                                                                                            |               30 |             96 |         3.20 |
|  clk147_BUFG                | selvoice[3]_repN_4                                                                                                      |                                                                                                                                            |               17 |            108 |         6.35 |
|  clk147_BUFG                | selvoice[4]_repN_4                                                                                                      |                                                                                                                                            |               23 |            120 |         5.22 |
|  clk147_BUFG                | selvoice[1]_repN_2                                                                                                      |                                                                                                                                            |               21 |            122 |         5.81 |
|  clk147_BUFG                | selvoice[5]_repN_6                                                                                                      |                                                                                                                                            |               25 |            125 |         5.00 |
|  clk147_BUFG                | selvoice[0]_repN_6                                                                                                      |                                                                                                                                            |               25 |            130 |         5.20 |
|  clk147_BUFG                | selvoice[1]_repN_5                                                                                                      |                                                                                                                                            |               21 |            133 |         6.33 |
|  clk147_BUFG                | selvoice[3]_repN_2                                                                                                      |                                                                                                                                            |               22 |            133 |         6.05 |
|  clk147_BUFG                | selvoice[0]_repN_4                                                                                                      |                                                                                                                                            |               21 |            134 |         6.38 |
|  clk147_BUFG                | selvoice[2]_repN_5                                                                                                      |                                                                                                                                            |               30 |            138 |         4.60 |
|  clk147_BUFG                | selvoice[2]_repN_6                                                                                                      |                                                                                                                                            |               28 |            144 |         5.14 |
|  clk147_BUFG                | selvoice[5]_repN_3                                                                                                      |                                                                                                                                            |               22 |            144 |         6.55 |
|  clk147_BUFG                | selvoice[3]_repN_3                                                                                                      |                                                                                                                                            |               27 |            146 |         5.41 |
|  clk147_BUFG                | selvoice[2]_repN_4                                                                                                      |                                                                                                                                            |               24 |            147 |         6.12 |
|  clk147_BUFG                | selvoice[0]_repN_5                                                                                                      |                                                                                                                                            |               29 |            148 |         5.10 |
|  clk147_BUFG                | selvoice[4]_repN_3                                                                                                      |                                                                                                                                            |               24 |            151 |         6.29 |
|  clk147_BUFG                | selvoice[5]_repN_4                                                                                                      |                                                                                                                                            |               24 |            151 |         6.29 |
|  clk147_BUFG                | selvoice[1]_repN_3                                                                                                      |                                                                                                                                            |               26 |            155 |         5.96 |
|  clk147_BUFG                | selvoice[2]_repN_3                                                                                                      |                                                                                                                                            |               29 |            158 |         5.45 |
|  clk147_BUFG                | selvoice[2]_repN_2                                                                                                      |                                                                                                                                            |               30 |            159 |         5.30 |
|  clk147_BUFG                | selvoice[4]_repN                                                                                                        |                                                                                                                                            |               30 |            162 |         5.40 |
|  clk147_BUFG                | selvoice[0]_repN                                                                                                        |                                                                                                                                            |               28 |            164 |         5.86 |
|  clk147_BUFG                | selvoice[4]_repN_2                                                                                                      |                                                                                                                                            |               27 |            166 |         6.15 |
|  clk147_BUFG                | selvoice[0]_repN_2                                                                                                      |                                                                                                                                            |               29 |            168 |         5.79 |
|  clk147_BUFG                | selvoice[1]_repN_4                                                                                                      |                                                                                                                                            |               35 |            170 |         4.86 |
|  clk147_BUFG                | selvoice[5]_repN_5                                                                                                      |                                                                                                                                            |               31 |            171 |         5.52 |
|  clk147_BUFG                | selvoice[5]_repN_2                                                                                                      |                                                                                                                                            |               33 |            171 |         5.18 |
|  clk147_BUFG                | selvoice[2]                                                                                                             |                                                                                                                                            |               29 |            172 |         5.93 |
|  clk147_BUFG                | selvoice[1]_repN_8                                                                                                      |                                                                                                                                            |               27 |            172 |         6.37 |
|  clk147_BUFG                | selvoice[5]_repN                                                                                                        |                                                                                                                                            |               36 |            173 |         4.81 |
|  clk147_BUFG                | selvoice[0]_repN_3                                                                                                      |                                                                                                                                            |               28 |            174 |         6.21 |
|  clk147_BUFG                | selvoice[3]_repN_1                                                                                                      |                                                                                                                                            |               31 |            175 |         5.65 |
|  clk147_BUFG                | selvoice[4]_repN_1                                                                                                      |                                                                                                                                            |               30 |            176 |         5.87 |
|  clk147_BUFG                | selvoice[1]_repN_1                                                                                                      |                                                                                                                                            |               31 |            180 |         5.81 |
|  clk147_BUFG                | selvoice[3]_repN_8                                                                                                      |                                                                                                                                            |               29 |            180 |         6.21 |
|  clk147_BUFG                | selvoice[3]_repN                                                                                                        |                                                                                                                                            |               33 |            181 |         5.48 |
|  clk147_BUFG                | selvoice[2]_repN_7                                                                                                      |                                                                                                                                            |               27 |            182 |         6.74 |
|  clk147_BUFG                | selvoice[1]_repN_6                                                                                                      |                                                                                                                                            |               27 |            184 |         6.81 |
|  clk147_BUFG                | selvoice[4]_repN_7                                                                                                      |                                                                                                                                            |               32 |            186 |         5.81 |
|  clk147_BUFG                | selvoice[4]_repN_5                                                                                                      |                                                                                                                                            |               35 |            186 |         5.31 |
|  clk147_BUFG                | selvoice[4]                                                                                                             |                                                                                                                                            |               40 |            188 |         4.70 |
|  clk147_BUFG                | selvoice[0]                                                                                                             |                                                                                                                                            |               30 |            189 |         6.30 |
|  clk147_BUFG                | selvoice[5]_repN_1                                                                                                      |                                                                                                                                            |               39 |            190 |         4.87 |
|  clk147_BUFG                | selvoice[3]_repN_7                                                                                                      |                                                                                                                                            |               30 |            193 |         6.43 |
|  clk147_BUFG                | selvoice[3]_repN_5                                                                                                      |                                                                                                                                            |               34 |            193 |         5.68 |
|  clk147_BUFG                | selvoice[2]_repN_1                                                                                                      |                                                                                                                                            |               39 |            193 |         4.95 |
|  clk147_BUFG                | selvoice[5]_repN_9                                                                                                      |                                                                                                                                            |               31 |            194 |         6.26 |
|  clk147_BUFG                | selvoice[1]_repN_9                                                                                                      |                                                                                                                                            |               38 |            194 |         5.11 |
|  clk147_BUFG                | selvoice[3]                                                                                                             |                                                                                                                                            |               48 |            196 |         4.08 |
|  clk147_BUFG                | selvoice[5]_repN_7                                                                                                      |                                                                                                                                            |               32 |            199 |         6.22 |
|  clk147_BUFG                | selvoice[4]_repN_6                                                                                                      |                                                                                                                                            |               39 |            200 |         5.13 |
|  clk147_BUFG                | selvoice[0]_repN_7                                                                                                      |                                                                                                                                            |               32 |            201 |         6.28 |
|  clk147_BUFG                | selvoice[4]_repN_8                                                                                                      |                                                                                                                                            |               34 |            205 |         6.03 |
|  clk147_BUFG                | selvoice[0]_repN_1                                                                                                      |                                                                                                                                            |               43 |            211 |         4.91 |
|  clk147_BUFG                | selvoice[1]_repN_7                                                                                                      |                                                                                                                                            |               44 |            213 |         4.84 |
|  samples_reg[0][15]_i_1_n_0 |                                                                                                                         |                                                                                                                                            |               66 |            216 |         3.27 |
|  samples_reg[1][15]_i_1_n_0 |                                                                                                                         |                                                                                                                                            |               64 |            216 |         3.38 |
|  samples_reg[2][15]_i_1_n_0 |                                                                                                                         |                                                                                                                                            |               64 |            216 |         3.38 |
|  samples_reg[3][15]_i_1_n_0 |                                                                                                                         |                                                                                                                                            |               64 |            216 |         3.38 |
|  samples_reg[4][15]_i_1_n_0 |                                                                                                                         |                                                                                                                                            |               61 |            216 |         3.54 |
|  samples_reg[5][15]_i_1_n_0 |                                                                                                                         |                                                                                                                                            |               67 |            216 |         3.22 |
|  clk147_BUFG                | selvoice[1]_repN                                                                                                        |                                                                                                                                            |               34 |            216 |         6.35 |
|  clk147_BUFG                | selvoice[0]_repN_8                                                                                                      |                                                                                                                                            |               47 |            221 |         4.70 |
|  clk147_BUFG                | selvoice[5]_repN_8                                                                                                      |                                                                                                                                            |               42 |            221 |         5.26 |
|  clk147_BUFG                | selvoice[2]_repN                                                                                                        |                                                                                                                                            |               32 |            222 |         6.94 |
|  clk147_BUFG                | selvoice[2]_repN_8                                                                                                      |                                                                                                                                            |               41 |            225 |         5.49 |
|  clk147_BUFG                | selvoice[3]_repN_6                                                                                                      |                                                                                                                                            |               44 |            235 |         5.34 |
|  clk147_BUFG                |                                                                                                                         |                                                                                                                                            |              201 |            909 |         4.52 |
+-----------------------------+-------------------------------------------------------------------------------------------------------------------------+--------------------------------------------------------------------------------------------------------------------------------------------+------------------+----------------+--------------+


